
> my-project@0.1.0 build
> next build

Γû▓ Next.js 16.1.6 (Turbopack)
- Environments: .env.local

node.exe : ΓÜá The 
"middleware" file 
convention is 
deprecated. Please use 
"proxy" instead. Learn 
more: https://nextjs.or
g/docs/messages/middlew
are-to-proxy
At line:1 char:1
+ & "C:\Program 
Files\nodejs/node.exe" 
"C:\Program 
Files\nodejs/node_mo 
...
+ ~~~~~~~~~~~~~~~~~~~~~
~~~~~~~~~~~~~~~~~~~~~~~
~~~~~~~~~~~~~~~~~~~~~~~
~~
    + CategoryInfo     
         : 
NotSpecified    : (ΓÜá 
The "middle.    
..leware-to-proxy:S    
tring) [], RemoteEx    
ception
    + 
FullyQualifiedErr    
orId : NativeComman    
dError
 
  Creating an optimized production build ...

> Build error occurred
Error: Turbopack build 
failed with 1 errors:
./app/courses/python/le
arn/layout.tsx:5:1
Module not found: 
Can't resolve '@/lib/py
thon-course-data'
[0m [90m 3 |[39m 
[36mimport[39m 
[33mLink[39m 
[36mfrom[39m 
[32m"next/link"[39m
 [90m 4 |[39m 
[36mimport[39m { 
usePathname } 
[36mfrom[39m [32m"ne
xt/navigation"[39m
[31m[1m>[22m[39m[9
0m 5 |[39m 
[36mimport[39m { 
pythonCourseData } 
[36mfrom[39m [32m"@/
lib/python-course-data"
[39m
 [90m   |[39m [31m[
1m^[22m[39m[31m[1m^
[22m[39m[31m[1m^[2
2m[39m[31m[1m^[22m
[39m[31m[1m^[22m[39
m[31m[1m^[22m[39m[
31m[1m^[22m[39m[31m
[1m^[22m[39m[31m[1
m^[22m[39m[31m[1m^
[22m[39m[31m[1m^[22
m[39m[31m[1m^[22m[
39m[31m[1m^[22m[39m
[31m[1m^[22m[39m[3
1m[1m^[22m[39m[31m
[1m^[22m[39m[31m[1m
^[22m[39m[31m[1m^[
22m[39m[31m[1m^[22m
[39m[31m[1m^[22m[3
9m[31m[1m^[22m[39m
[31m[1m^[22m[39m[31
m[1m^[22m[39m[31m[
1m^[22m[39m[31m[1m^
[22m[39m[31m[1m^[2
2m[39m[31m[1m^[22m
[39m[31m[1m^[22m[39
m[31m[1m^[22m[39m[
31m[1m^[22m[39m[31m
[1m^[22m[39m[31m[1
m^[22m[39m[31m[1m^
[22m[39m[31m[1m^[22
m[39m[31m[1m^[22m[
39m[31m[1m^[22m[39m
[31m[1m^[22m[39m[3
1m[1m^[22m[39m[31m
[1m^[22m[39m[31m[1m
^[22m[39m[31m[1m^[
22m[39m[31m[1m^[22m
[39m[31m[1m^[22m[3
9m[31m[1m^[22m[39m
[31m[1m^[22m[39m[31
m[1m^[22m[39m[31m[
1m^[22m[39m[31m[1m^
[22m[39m[31m[1m^[2
2m[39m[31m[1m^[22m
[39m[31m[1m^[22m[39
m[31m[1m^[22m[39m[
31m[1m^[22m[39m[31m
[1m^[22m[39m[31m[1
m^[22m[39m[31m[1m^
[22m[39m[31m[1m^[22
m[39m[31m[1m^[22m[
39m[31m[1m^[22m[39m
 [90m 6 |[39m 
[36mimport[39m { [33
mTerminal[39m[33m,[3
9m [33mChevronRight[3
9m[33m,[39m [33mChev
ronDown[39m[33m,[39m
 [33mBookOpen[39m[33
m,[39m 
[33mLayers[39m } 
[36mfrom[39m [32m"lu
cide-react"[39m
 [90m 7 |[39m 
[36mimport[39m { cn 
} [36mfrom[39m 
[32m"@/lib/utils"[39m
 [90m 8 |[39m 
[36mimport[39m { 
[33mNavbar[39m } 
[36mfrom[39m [32m"@/
components/navbar"[39m
[0m

Import map: aliased to 
relative './lib/python-
course-data' inside of 
[project]/


Import traces:
  Client Component 
Browser:
    ./app/courses/pytho
n/learn/layout.tsx 
[Client Component 
Browser]
    ./app/courses/pytho
n/learn/layout.tsx 
[Server Component]

  Client Component SSR:
    ./app/courses/pytho
n/learn/layout.tsx 
[Client Component SSR]
    ./app/courses/pytho
n/learn/layout.tsx 
[Server Component]

https://nextjs.org/docs
/messages/module-not-fo
und


    at <unknown> (./app
/courses/python/learn/l
ayout.tsx:5:1)
    at <unknown> (https
://nextjs.org/docs/mess
ages/module-not-found)
